AR fa rtl "C:/Users/RAI/Desktop/university/term 5/CALab/s07/ArrayMultiplier/FA.vhd" sub00/vhpl03 1637303313
EN fa NULL "C:/Users/RAI/Desktop/university/term 5/CALab/s07/ArrayMultiplier/FA.vhd" sub00/vhpl02 1637303312
EN ha NULL "C:/Users/RAI/Desktop/university/term 5/CALab/s07/ArrayMultiplier/HA.vhd" sub00/vhpl00 1637303310
AR ha rtl "C:/Users/RAI/Desktop/university/term 5/CALab/s07/ArrayMultiplier/HA.vhd" sub00/vhpl01 1637303311
AR rca rtl "C:/Users/RAI/Desktop/university/term 5/CALab/s07/ArrayMultiplier/RCA.vhd" sub00/vhpl05 1637303315
EN rca NULL "C:/Users/RAI/Desktop/university/term 5/CALab/s07/ArrayMultiplier/RCA.vhd" sub00/vhpl04 1637303314
EN arraymultiplier NULL "C:/Users/RAI/Desktop/university/term 5/CALab/s07/ArrayMultiplier/ArrayMultiplier.vhd" sub00/vhpl06 1637303316
AR arraymultiplier rtl "C:/Users/RAI/Desktop/university/term 5/CALab/s07/ArrayMultiplier/ArrayMultiplier.vhd" sub00/vhpl07 1637303317
