V3 6
FL "C:/Users/RAI/Desktop/university/term 5/CALab/s02/mux4x1/mux4x1.vhd" 2021/10/13.09:43:30 P.20131013
EN work/mux4x1 1634105613 \
      FL "C:/Users/RAI/Desktop/university/term 5/CALab/s02/mux4x1/mux4x1.vhd" \
      PB ieee/std_logic_1164 1381692176
AR work/mux4x1/gatelevel 1634105614 \
      FL "C:/Users/RAI/Desktop/university/term 5/CALab/s02/mux4x1/mux4x1.vhd" \
      EN work/mux4x1 1634105613
