V3 3
FL "C:/Users/RAI/Desktop/university/term 5/CALab/s11/simple_compter/scomp.vhd" 2021/12/28.16:26:14 P.20131013
EN work/scomp 1640939914 \
      FL "C:/Users/RAI/Desktop/university/term 5/CALab/s11/simple_compter/scomp.vhd" \
      PB ieee/std_logic_1164 1381692176 PB ieee/NUMERIC_STD 1381692181
AR work/scomp/rtl 1640939915 \
      FL "C:/Users/RAI/Desktop/university/term 5/CALab/s11/simple_compter/scomp.vhd" \
      EN work/scomp 1640939914
