V3 3
FL "C:/Users/RAI/Desktop/university/term 5/CALab/s02/comparator4bit/comparator4bit.vhd" 2021/10/13.09:46:08 P.20131013
EN work/comparator4bit 1634105783 \
      FL "C:/Users/RAI/Desktop/university/term 5/CALab/s02/comparator4bit/comparator4bit.vhd" \
      PB ieee/std_logic_1164 1381692176
AR work/comparator4bit/gatelevel 1634105784 \
      FL "C:/Users/RAI/Desktop/university/term 5/CALab/s02/comparator4bit/comparator4bit.vhd" \
      EN work/comparator4bit 1634105783
